app/(dashboard)/layout.tsx(38,19): error TS2322: Type '{ children: ReactNode; userRole: string; userName: string; }' is not assignable to type 'IntrinsicAttributes & { children: ReactNode; }'.
  Property 'userRole' does not exist on type 'IntrinsicAttributes & { children: ReactNode; }'.
app/(dashboard)/reports/page.tsx(171,139): error TS18048: 'percent' is possibly 'undefined'.
components/billing/bill-generation-dialog.tsx(98,15): error TS2322: Type '{ children: Element[]; value: string; onValueChange: (value: string) => void; }' is not assignable to type 'IntrinsicAttributes & SelectHTMLAttributes<HTMLSelectElement> & RefAttributes<HTMLSelectElement>'.
  Property 'onValueChange' does not exist on type 'IntrinsicAttributes & SelectHTMLAttributes<HTMLSelectElement> & RefAttributes<HTMLSelectElement>'. Did you mean 'onVolumeChange'?
components/billing/payment-dialog.tsx(131,15): error TS2322: Type '{ children: Element[]; value: string; onValueChange: (value: string) => void; }' is not assignable to type 'IntrinsicAttributes & SelectHTMLAttributes<HTMLSelectElement> & RefAttributes<HTMLSelectElement>'.
  Property 'onValueChange' does not exist on type 'IntrinsicAttributes & SelectHTMLAttributes<HTMLSelectElement> & RefAttributes<HTMLSelectElement>'. Did you mean 'onVolumeChange'?
components/calls/call-transfer-dialog.tsx(159,48): error TS2322: Type '{ children: Element[]; value: string; onValueChange: Dispatch<SetStateAction<string>>; }' is not assignable to type 'IntrinsicAttributes & SelectHTMLAttributes<HTMLSelectElement> & RefAttributes<HTMLSelectElement>'.
  Property 'onValueChange' does not exist on type 'IntrinsicAttributes & SelectHTMLAttributes<HTMLSelectElement> & RefAttributes<HTMLSelectElement>'. Did you mean 'onVolumeChange'?
components/calls/call-transfer-dialog.tsx(176,48): error TS2322: Type '{ children: Element[]; value: string; onValueChange: Dispatch<SetStateAction<string>>; }' is not assignable to type 'IntrinsicAttributes & SelectHTMLAttributes<HTMLSelectElement> & RefAttributes<HTMLSelectElement>'.
  Property 'onValueChange' does not exist on type 'IntrinsicAttributes & SelectHTMLAttributes<HTMLSelectElement> & RefAttributes<HTMLSelectElement>'. Did you mean 'onVolumeChange'?
components/layout/app-shell.tsx(79,86): error TS18047: 'pathname' is possibly 'null'.
components/layout/app-shell.tsx(121,97): error TS18047: 'pathname' is possibly 'null'.
components/maintenance/fault-report-dialog.tsx(114,17): error TS2322: Type '{ children: Element[]; value: string; onValueChange: (value: string) => void; }' is not assignable to type 'IntrinsicAttributes & SelectHTMLAttributes<HTMLSelectElement> & RefAttributes<HTMLSelectElement>'.
  Property 'onValueChange' does not exist on type 'IntrinsicAttributes & SelectHTMLAttributes<HTMLSelectElement> & RefAttributes<HTMLSelectElement>'. Did you mean 'onVolumeChange'?
components/maintenance/fault-report-dialog.tsx(134,17): error TS2322: Type '{ children: Element[]; value: string; onValueChange: (value: string) => void; }' is not assignable to type 'IntrinsicAttributes & SelectHTMLAttributes<HTMLSelectElement> & RefAttributes<HTMLSelectElement>'.
  Property 'onValueChange' does not exist on type 'IntrinsicAttributes & SelectHTMLAttributes<HTMLSelectElement> & RefAttributes<HTMLSelectElement>'. Did you mean 'onVolumeChange'?
components/maintenance/maintenance-schedule-dialog.tsx(118,17): error TS2322: Type '{ children: Element[]; value: string; onValueChange: (value: string) => void; }' is not assignable to type 'IntrinsicAttributes & SelectHTMLAttributes<HTMLSelectElement> & RefAttributes<HTMLSelectElement>'.
  Property 'onValueChange' does not exist on type 'IntrinsicAttributes & SelectHTMLAttributes<HTMLSelectElement> & RefAttributes<HTMLSelectElement>'. Did you mean 'onVolumeChange'?
components/maintenance/maintenance-schedule-dialog.tsx(171,15): error TS2322: Type '{ children: Element[]; value: string; onValueChange: (value: string) => void; }' is not assignable to type 'IntrinsicAttributes & SelectHTMLAttributes<HTMLSelectElement> & RefAttributes<HTMLSelectElement>'.
  Property 'onValueChange' does not exist on type 'IntrinsicAttributes & SelectHTMLAttributes<HTMLSelectElement> & RefAttributes<HTMLSelectElement>'. Did you mean 'onVolumeChange'?
components/receptionist/call-intake-form.tsx(181,21): error TS2322: Type '{ children: Element[]; value: string; onValueChange: (value: any) => void; }' is not assignable to type 'IntrinsicAttributes & SelectHTMLAttributes<HTMLSelectElement> & RefAttributes<HTMLSelectElement>'.
  Property 'onValueChange' does not exist on type 'IntrinsicAttributes & SelectHTMLAttributes<HTMLSelectElement> & RefAttributes<HTMLSelectElement>'. Did you mean 'onVolumeChange'?
components/receptionist/call-intake-form.tsx(181,37): error TS7006: Parameter 'value' implicitly has an 'any' type.
components/receptionist/call-intake-form.tsx(205,21): error TS2322: Type '{ children: Element[]; value: string; onValueChange: (value: any) => void; }' is not assignable to type 'IntrinsicAttributes & SelectHTMLAttributes<HTMLSelectElement> & RefAttributes<HTMLSelectElement>'.
  Property 'onValueChange' does not exist on type 'IntrinsicAttributes & SelectHTMLAttributes<HTMLSelectElement> & RefAttributes<HTMLSelectElement>'. Did you mean 'onVolumeChange'?
components/receptionist/call-intake-form.tsx(205,37): error TS7006: Parameter 'value' implicitly has an 'any' type.
components/receptionist/call-intake-form.tsx(230,19): error TS2322: Type '{ children: Element[]; value: string; onValueChange: (value: any) => void; }' is not assignable to type 'IntrinsicAttributes & SelectHTMLAttributes<HTMLSelectElement> & RefAttributes<HTMLSelectElement>'.
  Property 'onValueChange' does not exist on type 'IntrinsicAttributes & SelectHTMLAttributes<HTMLSelectElement> & RefAttributes<HTMLSelectElement>'. Did you mean 'onVolumeChange'?
components/receptionist/call-intake-form.tsx(230,35): error TS7006: Parameter 'value' implicitly has an 'any' type.
components/reports/export-dialog.tsx(15,26): error TS2307: Cannot find module '@/components/ui/checkbox' or its corresponding type declarations.
components/reports/export-dialog.tsx(101,42): error TS2322: Type '{ children: Element[]; value: string; onValueChange: Dispatch<SetStateAction<string>>; }' is not assignable to type 'IntrinsicAttributes & SelectHTMLAttributes<HTMLSelectElement> & RefAttributes<HTMLSelectElement>'.
  Property 'onValueChange' does not exist on type 'IntrinsicAttributes & SelectHTMLAttributes<HTMLSelectElement> & RefAttributes<HTMLSelectElement>'. Did you mean 'onVolumeChange'?
components/reports/export-dialog.tsx(135,37): error TS7006: Parameter 'checked' implicitly has an 'any' type.
components/reports/export-dialog.tsx(145,37): error TS7006: Parameter 'checked' implicitly has an 'any' type.
components/reports/export-dialog.tsx(155,37): error TS7006: Parameter 'checked' implicitly has an 'any' type.
